TrafficLight                                                                                                            PAGE 1
                         1             ORG     00H
0000 0102                2             AJMP    MAIN
                         3
0002 7400                4     MAIN:   MOV     A,#00H
0004 F590                5             MOV     P1,A    ; Set Port 1 as output for Green Light and Red Light
0006 F5A0                6             MOV     P2,A    ; Set Port 2 as output for Yellow Light
0008 F5B0                7             MOV     P3,A    ; Set Port 3 as output for 7 segment display
                         8
000A 7400                9             MOV     A,#00H  ; RED,GREEN
000C F9                 10             MOV     R1,A    ; Set R1 initial state to 000 state
                        11                             ; There will be 8 state in R1 from 000 to 111
                        12                             ; Will be decoded to TRAFFIC signal
                        13
000D 74F7               14             MOV     A,#0F7H ; YELLOW
000F FA                 15             MOV     R2,A    ; Set R2 initial state to 0111 state
                        16                             ; There will be 4 state in R2
                        17                             ; Sequence:
                        18                             ; 0111 => 1011 => 1101 => 1110 => 0111
                        19                             ; Will be updated using Rotator function
                        20
0010 7408               21             MOV     A,#8    ; Set R5 initially point to 8th location of DPTR since there is only 1 DPTR a
0012 FD                 22             MOV     R5,A
                        23
0013 900065             24             MOV     DPTR,#TRAFFIC_AND_SEG   ; Data pointer for Traffic signal and 7 Segment Display toget
                        25
                        26
0016 75F0FF             27     START:  MOV     B,#0FFH
0019 85F0A0             28             MOV     P2,B            ; Clear Yellow Light output
                        29
001C 112E               30             ACALL   UPDATE_TRAFFIC  ; Green Light and Red Light Signal
                        31             ;ACALL  DELAY           ; Delay for Green Light and Red Light
001E 1154               32             ACALL   COUNTDOWN5      ; Countdown from 5
0020 7400               33             MOV     A,#00H
0022 F5B0               34             MOV     P3,A    ; off 7 segment display
                        35
0024 1133               36             ACALL   UPDATE_R1       ; ACALL UPDATE_R1 for next Traffic
0026 112E               37             ACALL   UPDATE_TRAFFIC  ; Off Green Light, and be ready for Yellow Signal
                        38
0028 113A               39             ACALL   ROTATE_R2       ; Call Yellow Light
                        40
002A 1133               41             ACALL   UPDATE_R1       ; ACALL UPDATE_R1 for next Traffic
                        42
002C 0116               43             AJMP    START
                        44
                        45
                        46     UPDATE_TRAFFIC: ; Function to update and output Traffic signal
002E E9                 47                     MOV     A,R1            ; Selector input for decoder
002F 93                 48                     MOVC    A,@A+DPTR       ; Decode to Traffic signal
0030 F590               49                     MOV     P1,A            ; Traffic Light Signal
0032 22                 50                     RET
                        51
                        52     UPDATE_R1:      ; Function to update R1
0033 E9                 53                     MOV     A,R1
0034 04                 54                     INC     A                       ; Keep adding R1 by 1
0035 20E30F             55                     JB      A.3,UPDATE_R1_END       ; Change back to 000 state if become 1000
0038 F9                 56                     MOV     R1, A                   ; Update the value of R1
0039 22                 57                     RET
                        58
                        59
                        60     ROTATE_R2:      ; Function to update R2
                        61                     ; Follow the sequence: ROTATE RIGHT of '1', to let the '0' move
003A EA                 62                     MOV     A,R2
003B F5A0               63                     MOV     P2,A
003D 03                 64                     RR      A ; 0111 => 1011 => 1101 => 1110 => 0111
003E 30A002             65                     JNB     P2.0,UPDATE_R2_END;
0041 FA                 66                     MOV     R2,A
                        67                     ;ACALL  DELAY
0042 22                 68                     RET
                        69
                        70                     ; Function to wrap around yellow light
0043 74F7               71     UPDATE_R2_END:  MOV     A,#0F7H ; Wrap around 0111 => 1110
0045 FA                 72                     MOV     R2, A   ; Update the value of R2
0046 22                 73                     RET
                        74
                        75                     ; Function to wrap around R&G light
0047 7400               76     UPDATE_R1_END:  MOV     A,#00H  ; Wrap around 0-7 of A
0049 F9                 77                     MOV     R1, A   ; Update the value of R1
004A 22                 78                     RET
                        79
                        80                     ; Function to delay for 1 seconds
004B 78FF               81     DELAY:          MOV     R0,#0FFh
004D 79F0               82     DELAY1:         MOV     R1,#0F0h
004F D9FE               83     DELAY2:         DJNZ    R1,DELAY2 ;Decrement register1 and jump to delay2 if it is not 0
0051 D8FA               84                     DJNZ    R0,DELAY1 ;Decrement register0 and jump to delay1 if it is not 0
0053 22                 85                     RET
                        86
0054 740E               87     COUNTDOWN5:     MOV     A,#14           ; Set initial R5 point to digit 5
0056 FD                 88                     MOV     R5,A
0057 115F               89                     ACALL   TIMER           ; Count down
0059 115F               90                     ACALL   TIMER           ; Count down
005B 115F               91                     ACALL   TIMER           ; Count down
005D 115F               92                     ACALL   TIMER           ; Count down
                        93
005F 1D                 94     TIMER:  DEC     R5
0060 ED                 95             MOV     A,R5            ;read input value of R5
                        96             ;ACALL  DELAY
0061 93                 97             MOVC    A,@A+DPTR       ;load value from table
0062 F5B0               98             MOV     P3,A            ;output value
0064 22                 99             RET
                       100
                       101
                       102             ; Decoder to Green Light and Red Light Display for 4 Traffic
                       103             ; G1R1 G2R2 G3R3 G4R4
                       104             ; 0 means output
                       105             ; 1 means no output
                       106
                       107             ; Traffic 1
                       108             ; 01 10 10 10 => 6AH    G1 is turned on while other R keep turned on
                       109             ; 11 10 10 10 => 0EAH   G1 is turned off for Y while other R keep turned on
                       110
                       111             ; Traffic 2
                       112             ; 10 01 10 10 => 9AH    G2 is turned on while other R keep turned on
                       113             ; 10 11 10 10 => 0BAH   G2 is turned off for Y while other R keep turned on
                       114
                       115             ; Traffic 3
                       116             ; 10 10 01 10 => 0A6H   G3 is turned on while other R keep turned on
                       117             ; 10 10 11 10 => 0AEH   G3 is turned off for Y while other R keep turned on
                       118
                       119             ; Traffic 4
                       120             ; 10 10 10 01 => 0A9H   G4 is turned on while other R keep turned on
                       121             ; 10 10 10 11 => 0ABH   G4 is turned off for Y while other R keep turned on
                       122
                       123     ;lookup table for 7-segment display pattern
0065 6AEA9ABAA6        124     TRAFFIC_AND_SEG:        DB      6AH,0EAH,9AH,0BAH,0A6H,0AEH,0A9H,0ABH,     3Fh,06h,5Bh,4Fh,66h,6Dh,7D
     AEA9AB3F06
     5B4F666D7D
     077F6F
                       125                     END
ASSEMBLY COMPLETE, NO ERRORS FOUND, NO WARNINGS


SYMBOL TABLE:
??MCU_8051_IDE . . . . . . . . . . .  N  NUMB  8051H  NOT USED
??VERSION. . . . . . . . . . . . . .  N  NUMB  0147H  NOT USED
AC . . . . . . . . . . . . . . . . .  B  ADDR  00D6H  NOT USED
ACC. . . . . . . . . . . . . . . . .  D  ADDR  00E0H  NOT USED
ACSR . . . . . . . . . . . . . . . .  D  ADDR  0097H  NOT USED
ADCF . . . . . . . . . . . . . . . .  D  ADDR  00F6H  NOT USED
ADCLK. . . . . . . . . . . . . . . .  D  ADDR  00F2H  NOT USED
ADCON. . . . . . . . . . . . . . . .  D  ADDR  00F3H  NOT USED
ADDH . . . . . . . . . . . . . . . .  D  ADDR  00F5H  NOT USED
ADDL . . . . . . . . . . . . . . . .  D  ADDR  00F4H  NOT USED
AUXR . . . . . . . . . . . . . . . .  D  ADDR  008EH  NOT USED
AUXR1. . . . . . . . . . . . . . . .  D  ADDR  00A2H  NOT USED
B. . . . . . . . . . . . . . . . . .  D  ADDR  00F0H
BDRCON . . . . . . . . . . . . . . .  D  ADDR  009BH  NOT USED
BDRCON_1 . . . . . . . . . . . . . .  D  ADDR  009CH  NOT USED
BRL. . . . . . . . . . . . . . . . .  D  ADDR  009AH  NOT USED
CCAP0H . . . . . . . . . . . . . . .  D  ADDR  00FAH  NOT USED
CCAP0L . . . . . . . . . . . . . . .  D  ADDR  00EAH  NOT USED
CCAP1H . . . . . . . . . . . . . . .  D  ADDR  00FBH  NOT USED
CCAP1L . . . . . . . . . . . . . . .  D  ADDR  00EBH  NOT USED
CCAP2H . . . . . . . . . . . . . . .  D  ADDR  00FCH  NOT USED
CCAP3H . . . . . . . . . . . . . . .  D  ADDR  00FDH  NOT USED
CCAP4H . . . . . . . . . . . . . . .  D  ADDR  00FEH  NOT USED
CCAPL2H. . . . . . . . . . . . . . .  D  ADDR  00FCH  NOT USED
CCAPL2L. . . . . . . . . . . . . . .  D  ADDR  00ECH  NOT USED
CCAPL3H. . . . . . . . . . . . . . .  D  ADDR  00FDH  NOT USED
CCAPL3L. . . . . . . . . . . . . . .  D  ADDR  00EDH  NOT USED
CCAPL4H. . . . . . . . . . . . . . .  D  ADDR  00FEH  NOT USED
CCAPL4L. . . . . . . . . . . . . . .  D  ADDR  00EEH  NOT USED
CCAPM0 . . . . . . . . . . . . . . .  D  ADDR  00DAH  NOT USED
CCAPM1 . . . . . . . . . . . . . . .  D  ADDR  00DBH  NOT USED
CCAPM2 . . . . . . . . . . . . . . .  D  ADDR  00DCH  NOT USED
CCAPM3 . . . . . . . . . . . . . . .  D  ADDR  00DDH  NOT USED
CCAPM4 . . . . . . . . . . . . . . .  D  ADDR  00DEH  NOT USED
CCF0 . . . . . . . . . . . . . . . .  B  ADDR  00D8H  NOT USED
CCF1 . . . . . . . . . . . . . . . .  B  ADDR  00D9H  NOT USED
CCF2 . . . . . . . . . . . . . . . .  B  ADDR  00DAH  NOT USED
CCF3 . . . . . . . . . . . . . . . .  B  ADDR  00DBH  NOT USED
CCF4 . . . . . . . . . . . . . . . .  B  ADDR  00DCH  NOT USED
CCON . . . . . . . . . . . . . . . .  D  ADDR  00D8H  NOT USED
CFINT. . . . . . . . . . . . . . . .  C  ADDR  0033H  NOT USED
CH . . . . . . . . . . . . . . . . .  D  ADDR  00F9H  NOT USED
CKCON. . . . . . . . . . . . . . . .  D  ADDR  008FH  NOT USED
CKCON0 . . . . . . . . . . . . . . .  D  ADDR  008FH  NOT USED
CKRL . . . . . . . . . . . . . . . .  D  ADDR  0097H  NOT USED
CKSEL. . . . . . . . . . . . . . . .  D  ADDR  0085H  NOT USED
CL . . . . . . . . . . . . . . . . .  D  ADDR  00E9H  NOT USED
CLKREG . . . . . . . . . . . . . . .  D  ADDR  008FH  NOT USED
CMOD . . . . . . . . . . . . . . . .  D  ADDR  00D9H  NOT USED
COUNTDOWN5 . . . . . . . . . . . . .  C  ADDR  0054H
CPRL2. . . . . . . . . . . . . . . .  B  ADDR  00C8H  NOT USED
CR . . . . . . . . . . . . . . . . .  B  ADDR  00DEH  NOT USED
CT2. . . . . . . . . . . . . . . . .  B  ADDR  00C9H  NOT USED
CY . . . . . . . . . . . . . . . . .  B  ADDR  00D7H  NOT USED
DELAY. . . . . . . . . . . . . . . .  C  ADDR  004BH  NOT USED
DELAY1 . . . . . . . . . . . . . . .  C  ADDR  004DH
DELAY2 . . . . . . . . . . . . . . .  C  ADDR  004FH
DP0H . . . . . . . . . . . . . . . .  D  ADDR  0083H  NOT USED
DP0L . . . . . . . . . . . . . . . .  D  ADDR  0082H  NOT USED
DP1H . . . . . . . . . . . . . . . .  D  ADDR  0085H  NOT USED
DP1L . . . . . . . . . . . . . . . .  D  ADDR  0084H  NOT USED
DPH. . . . . . . . . . . . . . . . .  D  ADDR  0083H  NOT USED
DPL. . . . . . . . . . . . . . . . .  D  ADDR  0082H  NOT USED
EA . . . . . . . . . . . . . . . . .  B  ADDR  00AFH  NOT USED
EC . . . . . . . . . . . . . . . . .  B  ADDR  00AEH  NOT USED
EECON. . . . . . . . . . . . . . . .  D  ADDR  0096H  NOT USED
ES . . . . . . . . . . . . . . . . .  B  ADDR  00ACH  NOT USED
ET0. . . . . . . . . . . . . . . . .  B  ADDR  00A9H  NOT USED
ET1. . . . . . . . . . . . . . . . .  B  ADDR  00ABH  NOT USED
ET2. . . . . . . . . . . . . . . . .  B  ADDR  00ADH  NOT USED
EX0. . . . . . . . . . . . . . . . .  B  ADDR  00A8H  NOT USED
EX1. . . . . . . . . . . . . . . . .  B  ADDR  00AAH  NOT USED
EXEN2. . . . . . . . . . . . . . . .  B  ADDR  00CBH  NOT USED
EXF2 . . . . . . . . . . . . . . . .  B  ADDR  00CEH  NOT USED
EXTI0. . . . . . . . . . . . . . . .  C  ADDR  0003H  NOT USED
EXTI1. . . . . . . . . . . . . . . .  C  ADDR  0013H  NOT USED
F0 . . . . . . . . . . . . . . . . .  B  ADDR  00D5H  NOT USED
FE . . . . . . . . . . . . . . . . .  B  ADDR  009FH  NOT USED
IE . . . . . . . . . . . . . . . . .  D  ADDR  00A8H  NOT USED
IE0. . . . . . . . . . . . . . . . .  B  ADDR  0089H  NOT USED
IE1. . . . . . . . . . . . . . . . .  B  ADDR  008BH  NOT USED
INT0 . . . . . . . . . . . . . . . .  B  ADDR  00B2H  NOT USED
INT1 . . . . . . . . . . . . . . . .  B  ADDR  00B3H  NOT USED
IP . . . . . . . . . . . . . . . . .  D  ADDR  00B8H  NOT USED
IPH. . . . . . . . . . . . . . . . .  D  ADDR  00B7H  NOT USED
IPH0 . . . . . . . . . . . . . . . .  D  ADDR  00B7H  NOT USED
IPH1 . . . . . . . . . . . . . . . .  D  ADDR  00B3H  NOT USED
IPL0 . . . . . . . . . . . . . . . .  D  ADDR  00B8H  NOT USED
IPL1 . . . . . . . . . . . . . . . .  D  ADDR  00B2H  NOT USED
IT0. . . . . . . . . . . . . . . . .  B  ADDR  0088H  NOT USED
IT1. . . . . . . . . . . . . . . . .  B  ADDR  008AH  NOT USED
KBE. . . . . . . . . . . . . . . . .  D  ADDR  009DH  NOT USED
KBF. . . . . . . . . . . . . . . . .  D  ADDR  009EH  NOT USED
KBLS . . . . . . . . . . . . . . . .  D  ADDR  009CH  NOT USED
MAIN . . . . . . . . . . . . . . . .  C  ADDR  0002H
OSCCON . . . . . . . . . . . . . . .  D  ADDR  0086H  NOT USED
OV . . . . . . . . . . . . . . . . .  B  ADDR  00D2H  NOT USED
P. . . . . . . . . . . . . . . . . .  B  ADDR  00D0H  NOT USED
P0 . . . . . . . . . . . . . . . . .  D  ADDR  0080H  NOT USED
P1 . . . . . . . . . . . . . . . . .  D  ADDR  0090H
P1M1 . . . . . . . . . . . . . . . .  D  ADDR  00D4H  NOT USED
P1M2 . . . . . . . . . . . . . . . .  D  ADDR  00E2H  NOT USED
P2 . . . . . . . . . . . . . . . . .  D  ADDR  00A0H
P3 . . . . . . . . . . . . . . . . .  D  ADDR  00B0H
P3M1 . . . . . . . . . . . . . . . .  D  ADDR  00D5H  NOT USED
P3M2 . . . . . . . . . . . . . . . .  D  ADDR  00E3H  NOT USED
P4 . . . . . . . . . . . . . . . . .  D  ADDR  00C0H  NOT USED
P4M1 . . . . . . . . . . . . . . . .  D  ADDR  00D6H  NOT USED
P4M2 . . . . . . . . . . . . . . . .  D  ADDR  00E4H  NOT USED
P5 . . . . . . . . . . . . . . . . .  D  ADDR  00E8H  NOT USED
PC . . . . . . . . . . . . . . . . .  B  ADDR  00BEH  NOT USED
PCON . . . . . . . . . . . . . . . .  D  ADDR  0087H  NOT USED
PPCL . . . . . . . . . . . . . . . .  B  ADDR  00BEH  NOT USED
PS . . . . . . . . . . . . . . . . .  B  ADDR  00BCH  NOT USED
PSL. . . . . . . . . . . . . . . . .  B  ADDR  00BCH  NOT USED
PSW. . . . . . . . . . . . . . . . .  D  ADDR  00D0H  NOT USED
PT0. . . . . . . . . . . . . . . . .  B  ADDR  00B9H  NOT USED
PT0L . . . . . . . . . . . . . . . .  B  ADDR  00B9H  NOT USED
PT1. . . . . . . . . . . . . . . . .  B  ADDR  00BBH  NOT USED
PT1L . . . . . . . . . . . . . . . .  B  ADDR  00BBH  NOT USED
PT2. . . . . . . . . . . . . . . . .  B  ADDR  00BDH  NOT USED
PT2L . . . . . . . . . . . . . . . .  B  ADDR  00BDH  NOT USED
PX0. . . . . . . . . . . . . . . . .  B  ADDR  00B8H  NOT USED
PX0L . . . . . . . . . . . . . . . .  B  ADDR  00B8H  NOT USED
PX1. . . . . . . . . . . . . . . . .  B  ADDR  00BAH  NOT USED
PX1L . . . . . . . . . . . . . . . .  B  ADDR  00BAH  NOT USED
RB8. . . . . . . . . . . . . . . . .  B  ADDR  009AH  NOT USED
RCAP2H . . . . . . . . . . . . . . .  D  ADDR  00CBH  NOT USED
RCAP2L . . . . . . . . . . . . . . .  D  ADDR  00CAH  NOT USED
RCLK . . . . . . . . . . . . . . . .  B  ADDR  00CDH  NOT USED
RD . . . . . . . . . . . . . . . . .  B  ADDR  00B7H  NOT USED
REN. . . . . . . . . . . . . . . . .  B  ADDR  009CH  NOT USED
RESET. . . . . . . . . . . . . . . .  C  ADDR  0000H  NOT USED
RI . . . . . . . . . . . . . . . . .  B  ADDR  0098H  NOT USED
ROTATE_R2. . . . . . . . . . . . . .  C  ADDR  003AH
RS0. . . . . . . . . . . . . . . . .  B  ADDR  00D3H  NOT USED
RS1. . . . . . . . . . . . . . . . .  B  ADDR  00D4H  NOT USED
RXD. . . . . . . . . . . . . . . . .  B  ADDR  00B0H  NOT USED
SADDR. . . . . . . . . . . . . . . .  D  ADDR  00A9H  NOT USED
SADDR_0. . . . . . . . . . . . . . .  D  ADDR  00A9H  NOT USED
SADDR_1. . . . . . . . . . . . . . .  D  ADDR  00AAH  NOT USED
SADEN. . . . . . . . . . . . . . . .  D  ADDR  00B9H  NOT USED
SADEN_0. . . . . . . . . . . . . . .  D  ADDR  00B9H  NOT USED
SADEN_1. . . . . . . . . . . . . . .  D  ADDR  00BAH  NOT USED
SBUF . . . . . . . . . . . . . . . .  D  ADDR  0099H  NOT USED
SCON . . . . . . . . . . . . . . . .  D  ADDR  0098H  NOT USED
SINT . . . . . . . . . . . . . . . .  C  ADDR  0023H  NOT USED
SM0. . . . . . . . . . . . . . . . .  B  ADDR  009FH  NOT USED
SM1. . . . . . . . . . . . . . . . .  B  ADDR  009EH  NOT USED
SM2. . . . . . . . . . . . . . . . .  B  ADDR  009DH  NOT USED
SP . . . . . . . . . . . . . . . . .  D  ADDR  0081H  NOT USED
SPCON. . . . . . . . . . . . . . . .  D  ADDR  00C3H  NOT USED
SPCR . . . . . . . . . . . . . . . .  D  ADDR  00D5H  NOT USED
SPDAT. . . . . . . . . . . . . . . .  D  ADDR  00C5H  NOT USED
SPDR . . . . . . . . . . . . . . . .  D  ADDR  0086H  NOT USED
SPSR . . . . . . . . . . . . . . . .  D  ADDR  00AAH  NOT USED
SPSTA. . . . . . . . . . . . . . . .  D  ADDR  00C4H  NOT USED
START. . . . . . . . . . . . . . . .  C  ADDR  0016H
T0 . . . . . . . . . . . . . . . . .  B  ADDR  00B4H  NOT USED
T1 . . . . . . . . . . . . . . . . .  B  ADDR  00B5H  NOT USED
T2CON. . . . . . . . . . . . . . . .  D  ADDR  00C8H  NOT USED
T2MOD. . . . . . . . . . . . . . . .  D  ADDR  00C9H  NOT USED
TB8. . . . . . . . . . . . . . . . .  B  ADDR  009BH  NOT USED
TCLK . . . . . . . . . . . . . . . .  B  ADDR  00CCH  NOT USED
TCON . . . . . . . . . . . . . . . .  D  ADDR  0088H  NOT USED
TF0. . . . . . . . . . . . . . . . .  B  ADDR  008DH  NOT USED
TF1. . . . . . . . . . . . . . . . .  B  ADDR  008FH  NOT USED
TF2. . . . . . . . . . . . . . . . .  B  ADDR  00CFH  NOT USED
TH0. . . . . . . . . . . . . . . . .  D  ADDR  008CH  NOT USED
TH1. . . . . . . . . . . . . . . . .  D  ADDR  008DH  NOT USED
TH2. . . . . . . . . . . . . . . . .  D  ADDR  00CDH  NOT USED
TI . . . . . . . . . . . . . . . . .  B  ADDR  0099H  NOT USED
TIMER. . . . . . . . . . . . . . . .  C  ADDR  005FH
TIMER0 . . . . . . . . . . . . . . .  C  ADDR  000BH  NOT USED
TIMER1 . . . . . . . . . . . . . . .  C  ADDR  001BH  NOT USED
TIMER2 . . . . . . . . . . . . . . .  C  ADDR  002BH  NOT USED
TL0. . . . . . . . . . . . . . . . .  D  ADDR  008AH  NOT USED
TL1. . . . . . . . . . . . . . . . .  D  ADDR  008BH  NOT USED
TL2. . . . . . . . . . . . . . . . .  D  ADDR  00CCH  NOT USED
TMOD . . . . . . . . . . . . . . . .  D  ADDR  0089H  NOT USED
TR0. . . . . . . . . . . . . . . . .  B  ADDR  008CH  NOT USED
TR1. . . . . . . . . . . . . . . . .  B  ADDR  008EH  NOT USED
TR2. . . . . . . . . . . . . . . . .  B  ADDR  00CAH  NOT USED
TRAFFIC_AND_SEG. . . . . . . . . . .  C  ADDR  0065H
TXD. . . . . . . . . . . . . . . . .  B  ADDR  00B1H  NOT USED
UPDATE_R1. . . . . . . . . . . . . .  C  ADDR  0033H
UPDATE_R1_END. . . . . . . . . . . .  C  ADDR  0047H
UPDATE_R2_END. . . . . . . . . . . .  C  ADDR  0043H
UPDATE_TRAFFIC . . . . . . . . . . .  C  ADDR  002EH
WDTCON . . . . . . . . . . . . . . .  D  ADDR  00A7H  NOT USED
WDTPRG . . . . . . . . . . . . . . .  D  ADDR  00A7H  NOT USED
WDTRST . . . . . . . . . . . . . . .  D  ADDR  00A6H  NOT USED
WR . . . . . . . . . . . . . . . . .  B  ADDR  00B6H  NOT USED